
> convert2mp3.online@0.0.1 build
> astro build

[2m16:02:18[22m [34m[content][39m Syncing content
[2m16:02:18[22m [34m[content][39m Synced content
[2m16:02:18[22m [34m[types][39m Generated [2m51ms[22m
[2m16:02:18[22m [34m[build][39m output: [34m"static"[39m
[2m16:02:18[22m [34m[build][39m mode: [34m"static"[39m
[2m16:02:18[22m [34m[build][39m directory: [34mC:\Users\BDC5\.gemini\antigravity\scratch\convert2mp3\dist\[39m
[2m16:02:18[22m [34m[build][39m Collecting build info...
[2m16:02:18[22m [34m[build][39m [32mΓ£ô Completed in 77ms.[39m
[2m16:02:18[22m [34m[build][39m Building static entrypoints...
node.exe : [31m[1m16
:02:18[22m [ERROR] 
[vite][39m 
[31mΓ£ù[39m Build 
failed in 794ms
At line:1 char:1
+ & "C:\Program Files\
nodejs/node.exe" 
"C:\Program 
Files\nodejs/node_mo 
...
+ ~~~~~~~~~~~~~~~~~~~~
~~~~~~~~~~~~~~~~~~~~~~
~~~~~~~~~~~~~~~~~~~~~~
~~~~~
    + CategoryInfo    
          : NotSpeci  
  fied: ([31m[1m1   
 6:02:...failed in    
 794ms:String) []    
, RemoteException
    + FullyQualifiedE 
   rrorId : NativeCo  
  mmandError
 
Found 1 warning while 
optimizing generated 
CSS:

[2mΓöé   }[22m
[2mΓöé }[22m
[2mΓöé[22m @import u
rl('https://fonts.goog
leapis.com/css2?family
=Outfit:wght@100..900&
display=swap');
[2mΓöå[22m        
[33m[2m^--[22m 
@import rules must 
precede all rules 
aside from @charset 
and @layer 
statements[39m
[2mΓöå[22m
[2mΓöé @layer base 
{[22m
[2mΓöé   html {[22m

Could not resolve "../
components/ConverterWi
dget.tsx" from "src/pa
ges/guides/best-conver
ters-reddit.astro"
file: C:/Users/BDC5/.g
emini/antigravity/scra
tch/convert2mp3/src/pa
ges/guides/best-conver
ters-reddit.astro
  [1mStack 
trace:[22m
[2m    at 
getRollupError (file:/
//C:/Users/BDC5/.gemin
i/antigravity/scratch/
convert2mp3/node_modul
es/rollup/dist/es/shar
ed/parseAst.js:401:41)
    at ModuleLoader.ha
ndleInvalidResolvedId 
(file:///C:/Users/BDC5
/.gemini/antigravity/s
cratch/convert2mp3/nod
e_modules/rollup/dist/
es/shared/node-entry.j
s:21710:24)[22m
